// Jest Snapshot v1, https://goo.gl/fbAQLP

exports[`Modal Component renders without crashing 1`] = `
<DocumentFragment>
  <div
    data-focus-guard="true"
    style="width: 1px; height: 0px; padding: 0px; overflow: hidden; position: fixed; top: 1px; left: 1px;"
    tabindex="0"
  />
  <div
    data-focus-lock-disabled="false"
  >
    <div
      class="modal-overlay modal-overlay--open"
    />
    <div
      class="modal modal--open  "
    >
      <div
        class="modal__content"
      >
        <button
          aria-label="Close modal"
          class="modal__close"
        >
          Ã—
        </button>
        <div />
      </div>
    </div>
  </div>
  <div
    data-focus-guard="true"
    style="width: 1px; height: 0px; padding: 0px; overflow: hidden; position: fixed; top: 1px; left: 1px;"
    tabindex="0"
  />
</DocumentFragment>
`;
